<testsuite name="Django Project Tests" errors="0" failures="0" skips="0" tests="1" time="0.366"><testcase time="0.130134" classname="Website.tests.AnimalTestCase" name="test_animals_can_speak" /></testsuite>